Performing system checks...

System check identified no issues (0 silenced).
August 13, 2026 - 18:33:21
Django version 6.1, using settings 'config.settings'Performing system checks...

System check identified no issues (0 silenced).
Performing system checks...

System check identified no issues (0 silenced).
Performing system checks...

System check identified no issues (0 silenced).
ion on production servers see: https://docs.djangoproject.com/en/6.1/howto/deployment/
Performing system checks...

System check identified no issues (0 silenced).
Performing system checks...

System check identified no issues (0 silenced).
August 13, 2026 - 19:24:03
Django version 6.1, using settings 'config.settings'
Starting WSGI development server at http://127.0.0.1:8000/
Quit the server with CTRL-BREAK.

WARNING: This is a development server. Do not use it in a production setting. Use a production WSGI or ASGI server instead.
For more information on production servers see: https://docs.djangoproject.com/en/6.1/howto/deployment/
Performing system checks...

System check identified no issues (0 silenced).
