Watching for file changes with StatReloader
Unauthorized: /api/maps/
[13/Aug/2026 18:34:09] "GET /api/maps/ HTTP/1.1" 401 184
[13/Aug/2026 18:34:14,568] - Broken pipe from ('127.0.0.1', 63202)
C:\Users\Usuario\Documents\visual\project-cs2-guide-lineups\backend\.venv\Lib\site-packages\jwt\api_jwt.py:147: InsecureKeyLengthWarning: The HMAC key is 9 bytes long, which is below the minimum recommended length of 32 bytes for SHA256. See RFC 7518 Section 3.2.
  return self._jws.encode(
[13/Aug/2026 18:34:27] "POST /api/auth/register/ HTTP/1.1" 201 556
C:\Users\Usuario\Documents\visual\project-cs2-guide-lineups\backend\.venv\Lib\site-packages\jwt\api_jwt.py:368: InsecureKeyLengthWarning: The HMAC key is 9 bytes long, which is below the minimum recommended length of 32 bytes for SHA256. See RFC 7518 Section 3.2.
  decoded = self.decode_complete(
[13/Aug/2026 18:34:28] "GET /api/me/ HTTP/1.1" 200 254
[13/Aug/2026 18:34:31] "GET /api/maps/ HTTP/1.1" 200 1260
[13/Aug/2026 18:34:31] "GET /api/ranking/ HTTP/1.1" 200 181
[13/Aug/2026 18:34:32,769] - Broken pipe from ('127.0.0.1', 50605)
[13/Aug/2026 18:34:51] "POST /api/auth/register/ HTTP/1.1" 201 550
[13/Aug/2026 18:34:53] "GET /api/maps/ HTTP/1.1" 200 1260
Bad Request: /api/quizzes/generate/
[13/Aug/2026 18:34:55] "POST /api/quizzes/generate/ HTTP/1.1" 400 87
[13/Aug/2026 18:34:56,118] - Broken pipe from ('127.0.0.1', 60063)
[13/Aug/2026 18:52:28] "OPTIONS /api/auth/google/ HTTP/1.1" 200 0
[13/Aug/2026 18:52:33] "POST /api/auth/google/ HTTP/1.1" 200 557
[13/Aug/2026 19:02:20] "OPTIONS /api/auth/register/ HTTP/1.1" 200 0
[13/Aug/2026 19:02:25] "POST /api/auth/register/ HTTP/1.1" 201 547
